<STYLE>

* {
	padding:0;
	margin:0;
}
HTML {
	height:100%;
	width:100%
}
body {
	width:100%;
	height:100%;
	margin:0;
	padding:0;
	margin-left:10px;
	margin-right:10px;
}
img {
	display:block;
}
.ReadMsgBody {
	width: 100%;
}
.ExternalClass {
	width: 100%;
}

</STYLE>

<table cellpadding="0" cellspacing="0" width="100%" border="0">
<!--header-->
	<tr>
		<td align="center" valign="top" bgcolor="#EEB47C">
			<table cellpadding="0" cellspacing="0" width="600" border="0">
				<tr>
					<td width="600" height="49" align="left" bgcolor="#EEB47C"><a href="#" target="_blank"><img style="display:block" src="http://images.emessaging.nl/RS/MAR11-XXX_test/service/beeld_logo.gif" alt="Marktplaats" width="216" height="49" border="0"></a></td>
				</tr>
			</table>
		</td>
	</tr>
	<tr>
	    <td height="1" bgcolor="#c8884b"></td>
	</tr>
	<tr>
	    <td height="8" bgcolor="#e1e8f5"></td>
	</tr>
	<tr>
	    <td height="1" bgcolor="#b1c4df"></td>
	</tr>
<!--header-->
<!-- -->
<!--Title-->
	<tr>
		<td align="center" bgcolor="#FFFFFF">
			<table cellpadding="0" cellspacing="0" width="600" border="0">
				<tr>
					<td height="21" align="left"></td>
				</tr>
				<tr>
					<td align="left" valign="top"><font face="Arial, Helvetica, sans-serif" size="2" color="#333333" style="font-size:20px; line-height:25px; "><strong>U heeft een reactie van Piet Koper</strong><br>
            Op &lsquo;<a style="text-decoration:none; color:#21479c" href="http://link.marktplaats.nl/515496814" target="_blank"><font color="#21479c">Genealogie en de Canon van Nederland</font></a>&rsquo;</font></td>
				</tr>
				<tr>
					<td height="20" align="left"></td>
				</tr>
			</table>
		</td>
	</tr>
<!--Title-->
<!-- -->
<!--message and buttons-->
	<tr>
		<td align="center" bgcolor="#FFFFFF">
			<table cellpadding="0" cellspacing="0" width="600" border="0">
				<tr>
					<td height="1" bgcolor="#b1c4df"></td>
				</tr>
				<tr>
					<td height="30" align="left">
				</tr>
				<tr>
					<td height="20" align="left"></td>
				</tr>
				<tr>
					<td align="left" valign="top"><font face="Arial, Helvetica, sans-serif" size="2" color="#333333" style="font-size:13px; line-height:17px ">Beste Mark Justus,<BR />
 </font></td>
				</tr>
				<tr>
					<td height="20" align="left">Ik wil kopen!</td>
				</tr>
				<tr>
					<td align="left" valign="top"><font face="Arial, Helvetica, sans-serif" size="2" color="#21479c" style="font-size:13px; line-height:17px "><strong>Piet Koper</strong></font></td>
				</tr>
				<tr>
					<td height="30" align="left"></td>
				</tr>
				<tr>
					<td align="left" valign="top">
						<table cellpadding="0" cellspacing="0" border="0">
							<tr>
								<td align="left" valign="top">
									<table cellpadding="0" cellspacing="0" border="0">
										<tr>
											<td background="http://statisch.marktplaats.com/html/ecms/images/btn_blauw_links.gif" bgcolor="#226BBE"><a href="http://verkopen.marktplaats.nl/reply_ask_seller.php?ad_id=515496814&amp;asq=258397383&amp;askedBy=Mark+Justus+Marktplaats" target="_blank"><img style="display:block" src="http://statisch.marktplaats.com/html/ecms/images/spacer.gif" width="25" height="40" border="0"></a></td>
											<td align="left" valign="middle" background="http://statisch.marktplaats.com/html/ecms/images/btn_blauw_bg.gif" bgcolor="#226BBE"><font face="Arial, Helvetica, sans-serif" size="2" color="#ffffff" style="font-size:15px; "><strong><a href="http://verkopen.marktplaats.nl/reply_ask_seller.php?ad_id=515496814&amp;asq=258397383&amp;askedBy=Mark+Justus+Marktplaats" target="_blank" style="text-decoration:none; color:#ffffff"><font color="#ffffff">Reageer direct</font></a></strong></font></td>
											<td background="http://statisch.marktplaats.com/html/ecms/images/btn_blauw_rechts.gif" bgcolor="#226BBE"><a href="http://verkopen.marktplaats.nl/reply_ask_seller.php?ad_id=515496814&amp;asq=258397383&amp;askedBy=Mark+Justus+Marktplaats" target="_blank"><img style="display:block" src="http://statisch.marktplaats.com/html/ecms/images/spacer.gif" width="25" height="40" border="0"></a></td>
										</tr>
									</table>
								</td>
								<td width="10"></td>
								<td>								</td>
							</tr>
						</table>
					</td>
				</tr>
				<tr>
					<td height="30"></td>
				</tr>
				<tr>
					<td height="1" bgcolor="#b1c4df"></td>
				</tr>
			</table>
	 	</td>
	</tr>
<!--message and buttons-->
<!-- -->
<!-- Tips -->
	<tr>
		<td align="center" bgcolor="#FFFFFF">
			<table cellpadding="0" cellspacing="0" width="600" border="0">
				<tr>
					<td height="20"></td>
				</tr>
				<tr>
					<td align="left" valign="top"><font face="Arial, Helvetica, sans-serif" size="2" color="#333333" style="font-size:15px; line-height:18px "><strong>Tips van Marktplaats</strong></font> <br />
						<table cellpadding="0" cellspacing="0" border="0">
							<tr>
								<td height="15" colspan="2"></td>
							</tr>
							<tr>
								<td align="left" valign="middle" width="20"><img style="display:block" src="http://statisch.marktplaats.com/html/ecms/images/bullet.gif" width="6" height="6" /></td>
								<td height="30" align="left"><font face="Arial, Helvetica, sans-serif" size="2" color="#333333" style="font-size:13px;">Gebruik uw gezonde verstand: als iets te mooi lijkt om waar te zijn, dan is dat vaak ook zo.</font></td>
							</tr>
							<tr>
								<td align="left" valign="middle" width="20"><img style="display:block" src="http://statisch.marktplaats.com/html/ecms/images/bullet.gif" width="6" height="6" /></td>
								<td height="30" align="left"><font face="Arial, Helvetica, sans-serif" size="2" color="#333333" style="font-size:13px;">Win informatie in over de koper en bewaar alle (verzend) informatie.</font></td>
							</tr>
							<tr>
								<td align="left" valign="middle" width="20"><img style="display:block" src="http://statisch.marktplaats.com/html/ecms/images/bullet.gif" width="6" height="6" /></td>
								<td height="30" align="left"><font face="Arial, Helvetica, sans-serif" size="2" color="#333333" style="font-size:13px;">Wees alert bij kopers uit het buitenland.</font></td>
							</tr>
						</table>
					</td>
				</tr>
				<tr>
					<td height="15" align="left"></td>
				</tr>
				<tr>
					<td align="left" valign="top"><font face="Arial, Helvetica, sans-serif" size="2" color="#333333" style="font-size:13px; line-height:17px "> Met vriendelijke groet, <br />
						<br />
						Het Marktplaats team<br />
						<a style="text-decoration:none; color:#21479c" href="http://www.marktplaats.nl" target="_blank"><font color="#21479c">www.marktplaats.nl</font></a></font></td>
				</tr>
				<tr>
					<td height="20" align="left"></td>
				</tr>
			</table>
		</td>
	</tr>
<!-- tips -->
<!-- -->
<!-- blocks -->
	<tr>
		<td align="center" bgcolor="#FFFFFF">
			<table cellpadding="0" cellspacing="0" border="0" width="600">
				<tr>
					<td width="186" align="left" valign="top" bgcolor="#fff8d7">
						<table cellpadding="0" cellspacing="0" border="0">
							<tr>
								<td height="1" bgcolor="#b1c4df" colspan="5"></td>
							</tr>
							<tr>
								<td width="1" bgcolor="#b1c4df"></td>
								<td height="9" colspan="3"></td>
								<td width="1" bgcolor="#b1c4df"></td>
							</tr>
							<tr>
								<td width="1" bgcolor="#b1c4df"></td>
								<td width="14"></td>
								<td width="156" align="left" valign="top">
									<table cellpadding="0" cellspacing="0" border="0">
										<tr>
											<td align="left" valign="top" width="156">
												<table cellpadding="0" cellspacing="0" border="0">
													<tr>
														<td width="156" height="24" align="left" valign="middle"><strong><font face="Arial, Helvetica, sans-serif" size="2" color="#21479c" style="font-size:15px; ">Aanbiedingen</font></strong></td>
													</tr>
												</table>
											</td>
										</tr>
										<tr>
											<td height="7" align="left"></td>
										</tr>
										<tr>
											<td align="left" valign="top" width="186"><font face="Arial, Helvetica, sans-serif" size="2" color="#333333" style="font-size:13px; line-height:17px; ">De leukste dagjes uit, goede restaurants, mooie producten en meer! Bekijk de Marktplaats Aanbieding van vandaag.</font></td>
										</tr>
										<tr>
											<td height="18" align="left"></td>
										</tr>
										<tr>
											<td align="left" valign="top">
												<table cellpadding="0" cellspacing="0" border="0">
													<tr>
														<td width="12" background="http://statisch.marktplaats.com/html/ecms/images/btn_grijs_klein_links.gif" bgcolor="#E2E2E2"><a href="http://aanbieding.marktplaats.nl/aanmelden/" target="_blank"><img style="display:block" src="http://statisch.marktplaats.com/html/ecms/images/spacer.gif" width="12" height="30" border="0" /></a></td>
														<td align="left" valign="middle" background="http://statisch.marktplaats.com/html/ecms/images/btn_grijs_klein_bg.gif" bgcolor="#E2E2E2"><font face="Arial, Helvetica, sans-serif" size="2" color="#21479c" style="font-size:13px; "><a href="http://aanbieding.marktplaats.nl/aanmelden/" target="_blank" style="text-decoration:none; color:#21479c"><font color="#21479c">Klik hier</font></a></font></td>
														<td width="22" background="http://statisch.marktplaats.com/html/ecms/images/btn_grijs_klein_rechts.gif" bgcolor="#E2E2E2"><a href="http://aanbieding.marktplaats.nl/aanmelden/" target="_blank"><img style="display:block" src="http://statisch.marktplaats.com/html/ecms/images/spacer.gif" width="22" height="30" border="0" /></a></td>
													</tr>
												</table>
											</td>
										</tr>
									</table>
								</td>
								<td width="14"></td>
								<td width="1" bgcolor="#b1c4df"></td>
							</tr>
							<tr>
								<td width="1" bgcolor="#b1c4df"></td>
								<td height="9" colspan="3"></td>
								<td width="1" bgcolor="#b1c4df"></td>
							</tr>
							<tr>
								<td height="1" bgcolor="#b1c4df" colspan="5"></td>
							</tr>
						</table>
					</td>
					<td width="21"></td>
					<td width="186" align="left" valign="top" bgcolor="#fff8d7">
						<table cellpadding="0" cellspacing="0" border="0">
							<tr>
								<td height="1" bgcolor="#b1c4df" colspan="5"></td>
							</tr>
							<tr>
								<td width="1" bgcolor="#b1c4df"></td>
								<td height="9" colspan="3"></td>
								<td width="1" bgcolor="#b1c4df"></td>
							</tr>
							<tr>
								<td width="1" bgcolor="#b1c4df"></td>
								<td width="14"></td>
								<td width="156" align="left" valign="top">
									<table cellpadding="0" cellspacing="0" border="0">
										<tr>
											<td align="left" valign="top" width="156">
												<table cellpadding="0" cellspacing="0" border="0">
													<tr>
														<td width="156" height="24" align="left" valign="middle"><strong><font face="Arial, Helvetica, sans-serif" size="2" color="#21479c" style="font-size:15px; ">Veilig handelen</font></strong></td>
													</tr>
												</table>
											</td>
										</tr>
										<tr>
											<td height="7" align="left"></td>
										</tr>
										<tr>
											<td align="left" valign="top" width="186"><font face="Arial, Helvetica, sans-serif" size="2" color="#333333" style="font-size:13px; line-height:17px; ">Om ervoor te zorgen dat u goed en veilig kunt handelen via Marktplaats, de belangrijkste tips op een rijtje: </font></td>
										</tr>
										<tr>
											<td height="18" align="left"></td>
										</tr>
										<tr>
											<td align="left" valign="top">
												<table cellpadding="0" cellspacing="0" border="0">
													<tr>
														<td width="12" background="http://statisch.marktplaats.com/html/ecms/images/btn_grijs_klein_links.gif" bgcolor="#E2E2E2"><img style="display:block" src="http://statisch.marktplaats.com/html/ecms/images/spacer.gif" width="12" height="30" border="0" /></td>
														<td align="left" valign="middle" background="http://statisch.marktplaats.com/html/ecms/images/btn_grijs_klein_bg.gif" bgcolor="#E2E2E2"><font color="#21479c" size="2" face="Arial, Helvetica, sans-serif"><a href="http://statisch.marktplaats.nl/help/veilighandelen/" target="_blank" style="text-decoration:none; color:#21479c">Lees meer</a></font></td>
														<td width="22" background="http://statisch.marktplaats.com/html/ecms/images/btn_grijs_klein_rechts.gif" bgcolor="#E2E2E2"><a href="http://www.websitevanhetjaar.nl/vote.php?id=171" target="_blank"><img style="display:block" src="http://statisch.marktplaats.com/html/ecms/images/spacer.gif" width="22" height="30" border="0" /></a></td>
													</tr>
												</table>
											</td>
										</tr>
									</table>
								</td>
								<td width="14"></td>
								<td width="1" bgcolor="#b1c4df"></td>
							</tr>
							<tr>
								<td width="1" bgcolor="#b1c4df"></td>
								<td height="9" colspan="3"></td>
								<td width="1" bgcolor="#b1c4df"></td>
							</tr>
							<tr>
								<td height="1" bgcolor="#b1c4df" colspan="5"></td>
							</tr>
						</table>
					</td>
					<td width="21"></td>
					<td width="186" align="left" valign="top" bgcolor="#fff8d7">
						<table cellpadding="0" cellspacing="0" border="0">
							<tr>
								<td height="1" bgcolor="#b1c4df" colspan="5"></td>
							</tr>
							<tr>
								<td width="1" bgcolor="#b1c4df"></td>
								<td height="9" colspan="3"></td>
								<td width="1" bgcolor="#b1c4df"></td>
							</tr>
							<tr>
								<td width="1" bgcolor="#b1c4df"></td>
								<td width="14"></td>
								<td width="156" align="left" valign="top">
									<table cellpadding="0" cellspacing="0" border="0">
										<tr>
											<td align="left" valign="top" width="156">
												<table cellpadding="0" cellspacing="0" border="0">
													<tr>
														<td width="156" height="24" align="left" valign="middle"><strong><font face="Arial, Helvetica, sans-serif" size="2" color="#21479c" style="font-size:15px; ">Marktplaats Manieren</font></strong></td>
													</tr>
												</table>
											</td>
										</tr>
										<tr>
											<td height="7" align="left"></td>
										</tr>
										<tr>
											<td align="left" valign="top" width="186"><font face="Arial, Helvetica, sans-serif" size="2" color="#333333" style="font-size:13px; line-height:17px; ">Voorkom irritaties op Marktplaats.<br /><br />Marktplaats Manieren houdt het leuk!</font></td>
										</tr>
										<tr>
											<td height="18" align="left"></td>
										</tr>
										<tr>
											<td align="left" valign="top">
												<table cellpadding="0" cellspacing="0" border="0">
													<tr>
														<td width="12" background="http://statisch.marktplaats.com/html/ecms/images/btn_grijs_klein_links.gif" bgcolor="#E2E2E2"><a href="http://www.marktplaatsmanieren.nl/realistisch-bieden.html" target="_blank"><img style="display:block" src="http://statisch.marktplaats.com/html/ecms/images/spacer.gif" width="12" height="30" border="0" /></a></td>
														<td align="left" valign="middle" background="http://statisch.marktplaats.com/html/ecms/images/btn_grijs_klein_bg.gif" bgcolor="#E2E2E2"><font face="Arial, Helvetica, sans-serif" size="2" color="#21479c" style="font-size:13px; "><a href="http://www.marktplaatsmanieren.nl/realistisch-bieden.html" target="_blank" style="text-decoration:none; color:#21479c"><font color="#21479c">Lees meer</font></a></font></td>
														<td width="22" background="http://statisch.marktplaats.com/html/ecms/images/btn_grijs_klein_rechts.gif" bgcolor="#E2E2E2"><a href="http://www.marktplaatsmanieren.nl/realistisch-bieden.html" target="_blank"><img style="display:block" src="http://statisch.marktplaats.com/html/ecms/images/spacer.gif" width="22" height="30" border="0" /></a></td>
													</tr>
												</table>
											</td>
										</tr>
									</table>
								</td>
								<td width="14"></td>
								<td width="1" bgcolor="#b1c4df"></td>
							</tr>
							<tr>
								<td width="1" bgcolor="#b1c4df"></td>
								<td height="9" colspan="3"></td>
								<td width="1" bgcolor="#b1c4df"></td>
							</tr>
							<tr>
								<td height="1" bgcolor="#b1c4df" colspan="5"></td>
							</tr>
						</table>
					</td>
				</tr>
				<tr>
					<td height="20" colspan="5"></td>
				</tr>
			</table>
		</td>
	</tr>
<!-- blocks -->
<!-- -->
<!-- start -->
	<tr>
		<td align="center" bgcolor="#FFFFFF">
		      <table cellpadding="0" cellspacing="0" border="0" width="600">
				<tr>
					<td height="1" bgcolor="#b1c4df" colspan="3"></td>
				</tr>
				<tr>
					<td width="1" bgcolor="#b1c4df"></td>
					<td width="598" align="left" valign="top" bgcolor="#ffffff">
						<table cellpadding="0" cellspacing="0" border="0">
							<tr>
								<td height="20" colspan="3" align="left"></td>
							</tr>
							<tr>
								<td width="20" align="left"></td>
								<td width="558" align="left" valign="top">
									<table cellpadding="0" cellspacing="0" border="0">
									<tr>
								<td align="left" valign="top" width="558"><strong><font face="Arial, Helvetica, sans-serif" size="2" color="#333333" style="font-size:20px; "><font color="#21479c"> Aangeboden:  Genealogie en de Canon van Nederland</font></font></strong></td>
							</tr>
									<tr>
								<td height="15" align="left"></td>
							</tr>
									<tr>
								<td height="1" align="left" bgcolor="#b1c4df"></td>
							</tr>
									<tr>
								<td height="18" align="left"></td>
							</tr>
									<tr>
								<td align="left" valign="top">
									<table cellpadding="0" cellspacing="0" border="0">
										<tr>
											<td align="left" valign="top" width="558"><font face="Arial, Helvetica, sans-serif" size="2" color="#333333" style="font-size:15px; "><strong>Kenmerken</strong></font></td>
										</tr>
										<tr>
											<td height="10"></td>
										</tr>
										<tr>
											<td align="left" valign="top" width="558">
												<table cellpadding="0" cellspacing="0" border="0">
													<tr>
													    <td height="20" align="left" valign="middle"><font face="Arial, Helvetica, sans-serif" size="2" color="#333333" style="font-size:13px; ">Prijs: </font></td>
													    <td width="35"></td>
													    <td align="left" valign="middle"><font face="Arial, Helvetica, sans-serif" size="2" color="#333333" style="font-size:13px; ">Bieden</font></td>
													</tr>
													<tr>
														<td height="20" align="left" valign="middle"><font face="Arial, Helvetica, sans-serif" size="2" color="#333333" style="font-size:13px; ">Hoogste bod:</font></td>
														<td width="35"></td>
														<td align="left" valign="middle"><font face="Arial, Helvetica, sans-serif" size="2" color="#333333" style="font-size:13px; "></font></td>
													</tr>
													<tr>
														<td height="20" align="left" valign="middle"><font face="Arial, Helvetica, sans-serif" size="2" color="#333333" style="font-size:13px; ">Rubriek:</font></td>
														<td width="35"></td>
														<td align="left" valign="top">
															<table cellpadding="0" cellspacing="0" border="0">
															   <tr>
																<td align="left" valign="middle"><font face="Arial, Helvetica, sans-serif" size="2" color="#333333" style="font-size:13px; ">Boeken</font></td>
																<td width="23" align="center" valign="middle"><img style="display:block" src="http://statisch.marktplaats.com/html/ecms/images/beeld_driehoek.gif" width="5" height="9"></td>
																<td align="left" valign="middle"><font face="Arial, Helvetica, sans-serif" size="2" color="#333333" style="font-size:13px; ">Overige Boeken</font></td>
																<td width="23" align="center" valign="middle"><img style="display:block" src="http://statisch.marktplaats.com/html/ecms/images/beeld_driehoek.gif" width="5" height="9"></td>
																<td align="left" valign="middle"><font face="Arial, Helvetica, sans-serif" size="2" color="#333333" style="font-size:13px;"><a href="http://link.marktplaats.nl/515496814" target="_blank" style="text-decoration:none; color:#21479c"></a></font></td>
															   </tr>
															</table>
														</td>
													</tr>
													<tr>
														<td height="20" align="left" valign="middle"><font face="Arial, Helvetica, sans-serif" size="2" color="#333333" style="font-size:13px; ">Geplaatst:</font></td>
														<td width="35"></td>
														<td align="left" valign="top"><font face="Arial, Helvetica, sans-serif" size="2" color="#333333" style="font-size:13px; ">27-12-11</font></td>
													</tr>
												</table>
											</td>
										</tr>
										<tr>
											<td height="18"></td>
										</tr>
									</table>
									<table cellpadding="0" cellspacing="0" border="0">
							<tr>
								<td align="left" valign="top" width="558"><font face="Arial, Helvetica, sans-serif" size="2" color="#333333" style="font-size:15px; "><strong>Uw beschrijving</strong></font></td>
							</tr>
							<tr>
								<td height="10"></td>
							</tr>
							<tr>
								<td align="left" valign="top" width="558"><font face="Arial, Helvetica, sans-serif" size="2" color="#333333" style="font-size:13px; line-height:17px ">Genealogie en de canon. Deel I van 2. Jaarboek uitgave van het Centraal Bureau voor Genealogie 2008. Deel 62.</font></td>
							</tr>
							<tr>
								<td height="18"></td>
							</tr>
						</table>
									<table cellpadding="0" cellspacing="0" border="0">
							<tr>
								<td align="left" valign="top" width="558"><font face="Arial, Helvetica, sans-serif" size="2" color="#333333" style="font-size:15px; "><strong>Uw contactgegevens</strong></font></td>
							</tr>
							<tr>
								<td height="10"></td>
							</tr>
							<tr>
								<td align="left" valign="top" width="558"><font face="Arial, Helvetica, sans-serif" size="2" color="#333333" style="font-size:13px; line-height:20px"> Mark Justus<br><br>E-mail: <a style="text-decoration:none; color:#21479c" href="mailto:mark.justus@gmail.com" target="_blank"><font color="#21479c">mark.justus@gmail.com</font></a></font></td>
							</tr>
						</table>
								</td>
							</tr>
								</table>
								</td>
								<td width="20" align="left"></td>
							</tr>
							<tr>
								<td height="20" colspan="3" align="left"></td>
							</tr>
						</table>
					</td>
					<td width="1" bgcolor="#b1c4df"></td>
				</tr>
				<tr>
					<td height="1" bgcolor="#b1c4df" colspan="3"></td>
				</tr>
				<tr>
					<td colspan="3" height="20"></td>
				</tr>
			</table>
		</td>
	</tr>
<!-- end -->
<!-- -->
<tr>
		<td height="195" align="center" valign="top" background="http://statisch.marktplaats.com/html/ecms/images/bg_footer.gif" bgcolor="#b1c5e0">
			<table cellpadding="0" cellspacing="0" width="600" border="0">
				<tr>
					<td height="1" bgcolor="#93a4c2"></td>
				</tr>
				<tr>
					<td height="20"></td>
				</tr>
				<tr>
					<td align="center" valign="top"><font face="Arial, Helvetica, sans-serif" size="2" color="#21479c" style="font-size:13px; line-height:20px"><a style="text-decoration:none; color:#21479c" href="http://marktplaats.custhelp.com/cgi-bin/marktplaats.cfg/php/enduser/sa_ask.php?ret=1" target="_blank"><font color="#21479c">Contact</font></a>&nbsp;&nbsp;<font color="#333333">|</font>&nbsp;&nbsp;<a style="text-decoration:none; color:#21479c" href="http://verkopen.marktplaats.nl/useradmin/mymarktplaats.php" target="_blank"><font color="#21479c">Mijn Marktplaats</font></a>&nbsp;&nbsp;<font color="#333333">|</font>&nbsp;&nbsp;<a style="text-decoration:none; color:#21479c" href="http://statisch.marktplaats.com/help/veilighandelen.html" target="_blank"><font color="#21479c">Veilig handelen</font></a>&nbsp;&nbsp;<font color="#333333">|</font>&nbsp;&nbsp;<a style="text-decoration:none; color:#21479c" href="http://statisch.marktplaats.nl/help/beleidenvoorwaarden.html" target="_blank"><fon
 t color="#21479c">Voorwaarden en Pricacybeleid</font></a></font></td>
				</tr>
				<tr>
					<td height="20"></td>
				</tr>
				<tr>
					<td align="center" valign="top"><font face="Arial, Helvetica, sans-serif" size="1" color="#333333" style="font-size:11px;">Dit is een systeembericht. Vragen over deze email kunt u stellen via 'Contact'.</font></td>
				</tr><tr>
          <td align="center" valign="top"><font face="Arial, Helvetica, sans-serif" size="1" color="#333333" style="font-size:11px;">Als u deze e-mail als <a href="http://marktplaats.custhelp.com/cgi-bin/marktplaats.cfg/php/enduser/std_adp.php?p_faqid=31">spam</a> (ongewenste reclame) wilt afmelden, of als u deze</font> </td>
        </tr><tr>
          <td align="center" valign="top"><font face="Arial, Helvetica, sans-serif" size="1" color="#333333" style="font-size:11px;">e-mail niet vertrouwt, stuur dit bericht dan door naar <a href="mailto:spam@marktplaats.nl">spam@marktplaats.nl</a></font> </td>
        </tr>
			</table>
		</td>
	</tr>
</table>